==================================================
NutriVision Gemini Server Test
==================================================
python : Traceback (most recent 
call last):
At line:1 char:1
+ python backend/test_gemini.py 
> test_output.txt 2>&1
+ ~~~~~~~~~~~~~~~~~~~~~~~~~~~~~~~
~~~~~~~~~~~~~~~~~~~~~
    + CategoryInfo          : No 
   tSpecified: (Traceback (most  
   recent call last)::String)    
 [], RemoteException
    + FullyQualifiedErrorId : Na 
   tiveCommandError
 
  File "C:\Users\tanis\Downloads\
nutrivision-app\backend\test_gemi
ni.py", line 15, in test_endpoint
    print(f"\u2705 OK")
  File "C:\Users\tanis\AppData\Lo
cal\Programs\Python\Python311\Lib
\encodings\cp1252.py", line 19, 
in encode
    return codecs.charmap_encode(
input,self.errors,encoding_table)
[0]
           ^^^^^^^^^^^^^^^^^^^^^^
^^^^^^^^^^^^^^^^^^^^^^^^^^^^^^^^^
UnicodeEncodeError: 'charmap' 
codec can't encode character 
'\u2705' in position 0: 
character maps to <undefined>

During handling of the above 
exception, another exception 
occurred:

Traceback (most recent call 
last):
  File "C:\Users\tanis\Downloads\
nutrivision-app\backend\test_gemi
ni.py", line 58, in <module>
    main()
  File "C:\Users\tanis\Downloads\
nutrivision-app\backend\test_gemi
ni.py", line 35, in main
    test_endpoint("Health", 
f"{gemini_host}/health")
  File "C:\Users\tanis\Downloads\
nutrivision-app\backend\test_gemi
ni.py", line 24, in test_endpoint
    print(f"\u274c Error: 
{str(e)}")
  File "C:\Users\tanis\AppData\Lo
cal\Programs\Python\Python311\Lib
\encodings\cp1252.py", line 19, 
in encode
    return codecs.charmap_encode(
input,self.errors,encoding_table)
[0]
           ^^^^^^^^^^^^^^^^^^^^^^
^^^^^^^^^^^^^^^^^^^^^^^^^^^^^^^^^
UnicodeEncodeError: 'charmap' 
codec can't encode character 
'\u274c' in position 0: 
character maps to <undefined>
Testing Health (GET http://localhost:5001/health)... 
